// Jest Snapshot v1, https://goo.gl/fbAQLP

exports[`Testing <HeroCardDetail/> should show correctly 1`] = `
<div
  className="row"
>
  <div
    className="col-12"
  >
    <div
      className="d-flex justify-content-center animate__animated animate__zoomIn"
      style={
        Object {
          "maxWidth": "100%",
        }
      }
    >
      <div
        className="card mt-5"
        style={
          Object {
            "maxWidth": "100%",
          }
        }
      >
        <div
          className="row g-0"
        >
          <div
            className="col-md-4"
          >
            <img
              alt="..."
              className="img-fluid rounded-start"
              src="/assets/heroes/dc-batman.jpg"
            />
          </div>
          <div
            className="col-md-8"
          >
            <div
              className="card-body"
            >
              <h3
                className="card-title my-3 text-center"
              >
                Batman
              </h3>
              <ul
                className="list-group mb-3"
              >
                <li
                  className="list-group-item d-flex justify-content-between align-items-start"
                >
                  <div
                    className="ms-2 me-auto"
                  >
                    <div
                      className="fw-bold"
                    >
                      Company
                    </div>
                    DC Comics
                  </div>
                </li>
                <li
                  className="list-group-item d-flex justify-content-between align-items-start"
                >
                  <div
                    className="ms-2 me-auto"
                  >
                    <div
                      className="fw-bold"
                    >
                      Name
                    </div>
                    Bruce Wayne
                  </div>
                </li>
                <li
                  className="list-group-item d-flex justify-content-between align-items-start"
                >
                  <div
                    className="ms-2 me-auto"
                  >
                    <div
                      className="fw-bold"
                    >
                      First Appearance
                    </div>
                    Detective Comics #27
                  </div>
                </li>
              </ul>
              <button
                className="btn btn-outline-primary"
                onClick={[Function]}
              >
                Go Back
              </button>
            </div>
          </div>
        </div>
      </div>
    </div>
  </div>
</div>
`;
