// Jest Snapshot v1, https://goo.gl/fbAQLP

exports[`Testing in <LoginPage/> should display correctly 1`] = `
<div
  className="container"
>
  <div
    className="row my-5 justify-content-center"
  >
    <div
      className="col-4 col-md-2 col-md-offset-5"
    >
      <img
        alt="Brand"
        src="/assets/Brand.svg"
      />
    </div>
  </div>
  <div
    className="row justify-content-center"
  >
    <div
      className="col-12 col-md-6"
    >
      <form
        onSubmit={[Function]}
      >
        <div>
          <label
            className="col-sm-2 col-form-label"
            htmlFor="staticUsername"
          >
            Username
          </label>
          <div
            className="col-sm-10"
          >
            <input
              className="form-control"
              id="staticEmail"
              name="email"
              onChange={[Function]}
              placeholder="your username"
              type="text"
            />
          </div>
          <div
            className="form-text"
          >
            Any username
          </div>
        </div>
        <div
          className="mb-3"
        >
          <label
            className="col-sm-2 col-form-label"
            htmlFor="inputPassword"
          >
            Password
          </label>
          <div
            className="col-sm-10"
          >
            <input
              className="form-control"
              id="inputPassword"
              name="pass"
              onChange={[Function]}
              placeholder="********"
              type="password"
            />
            <div
              className="form-text"
            >
              Any password
            </div>
          </div>
        </div>
        <div>
          <button
            className="btn btn-primary"
            type="submit"
          >
            Log In
          </button>
        </div>
      </form>
    </div>
  </div>
</div>
`;
